First log line
